sing.app.donothing.DoNothingTest.callMainWithHelp=[
java-do-nothing 0.0.3
Usage: java-do-nothing [options]
  Options:
    --version, -v
      Display version
    --help, -h
      Display help
.
.
]


sing.app.donothing.DoNothingTest.callMainWithVersion=[
0.0.3

]