sing.app.donothing.ParametersTest.testPrintUsage=[
Usage: java-do-nothing [options]
  Options:
    --version, -v
      Display version
      Default: false
    --help, -h
      Display help
.
.
]